../Core/Src/led_disp.c:18:6:toggleREDS	8	static
../Core/Src/led_disp.c:26:6:toggleGREENs	8	static
../Core/Src/led_disp.c:34:6:toggleYELLOWs	8	static
../Core/Src/led_disp.c:42:6:resetREDs	8	static
../Core/Src/led_disp.c:47:6:enableRED_WEST	8	static
../Core/Src/led_disp.c:52:6:enableYELLOW_WEST	8	static
../Core/Src/led_disp.c:57:6:enableGREEN_WEST	8	static
../Core/Src/led_disp.c:63:6:enableRED_NORTH	8	static
../Core/Src/led_disp.c:68:6:enableGREEN_NORTH	8	static
../Core/Src/led_disp.c:73:6:enableYELLOW_NORTH	8	static
../Core/Src/led_disp.c:81:6:display7SEG1	16	static
